
> camply@0.1.0 test
> vitest run --run


[1m[30m[46m RUN [49m[39m[22m [36mv4.1.9 [39m[90m/Users/mac/Documents/CAMPLAY[39m

 [32m✓[39m src/__tests__/meta/workspaceCompatibility.test.ts [2m([22m[2m1 test[22m[2m)[22m[32m 2[2mms[22m[39m
 [32m✓[39m src/__tests__/meta/metaNormalizer.test.ts [2m([22m[2m1 test[22m[2m)[22m[32m 3[2mms[22m[39m
 [32m✓[39m src/__tests__/meta/performanceAnalysisEngine.test.ts [2m([22m[2m1 test[22m[2m)[22m[32m 2[2mms[22m[39m
 [32m✓[39m src/data/camplyStore.test.ts [2m([22m[2m3 tests[22m[2m)[22m[32m 2[2mms[22m[39m
 [32m✓[39m src/__tests__/meta/campaignObjectiveClassifier.test.ts [2m([22m[2m3 tests[22m[2m)[22m[32m 2[2mms[22m[39m
 [32m✓[39m src/__tests__/meta/metricRegistry.test.ts [2m([22m[2m3 tests[22m[2m)[22m[32m 4[2mms[22m[39m
 [32m✓[39m src/lib/agentEngine.test.ts [2m([22m[2m2 tests[22m[2m)[22m[32m 9[2mms[22m[39m
 [32m✓[39m src/__tests__/meta/operationalStatus.test.ts [2m([22m[2m1 test[22m[2m)[22m[32m 3[2mms[22m[39m
 [32m✓[39m src/__tests__/meta/pagination.test.ts [2m([22m[2m1 test[22m[2m)[22m[32m 4[2mms[22m[39m
 [32m✓[39m src/__tests__/meta/idempotency.test.ts [2m([22m[2m1 test[22m[2m)[22m[32m 2[2mms[22m[39m
 [32m✓[39m src/__tests__/meta/reconciliation.test.ts [2m([22m[2m1 test[22m[2m)[22m[32m 2[2mms[22m[39m
 [32m✓[39m src/__tests__/meta/migration.test.ts [2m([22m[2m1 test[22m[2m)[22m[32m 2[2mms[22m[39m
 [32m✓[39m src/__tests__/meta/metaAggregation.test.ts [2m([22m[2m1 test[22m[2m)[22m[32m 3[2mms[22m[39m
 [32m✓[39m src/__tests__/meta/retry.test.ts [2m([22m[2m1 test[22m[2m)[22m[32m 1[2mms[22m[39m

[2m Test Files [22m [1m[32m14 passed[39m[22m[90m (14)[39m
[2m      Tests [22m [1m[32m21 passed[39m[22m[90m (21)[39m
[2m   Start at [22m 20:33:12
[2m   Duration [22m 352ms[2m (transform 259ms, setup 0ms, import 385ms, tests 41ms, environment 1ms)[22m

